#
# There is insufficient memory for the Java Runtime Environment to continue.
# Native memory allocation (malloc) failed to allocate 1048576 bytes. Error detail: AllocateHeap
# Possible reasons:
#   The system is out of physical RAM or swap space
#   This process is running with CompressedOops enabled, and the Java Heap may be blocking the growth of the native heap
# Possible solutions:
#   Reduce memory load on the system
#   Increase physical memory or swap space
#   Check if swap backing store is full
#   Decrease Java heap size (-Xmx/-Xms)
#   Decrease number of Java threads
#   Decrease Java thread stack sizes (-Xss)
#   Set larger code cache with -XX:ReservedCodeCacheSize=
#   JVM is running with Unscaled Compressed Oops mode in which the Java heap is
#     placed in the first 4GB address space. The Java Heap base address is the
#     maximum limit for the native heap growth. Please use -XX:HeapBaseMinAddress
#     to set the Java Heap base and to place the Java Heap above 4GB virtual address.
# This output file may be truncated or incomplete.
#
#  Out of Memory Error (allocation.cpp:44), pid=44680, tid=45252
#
# JRE version: OpenJDK Runtime Environment Temurin-21.0.11+10 (21.0.11+10) (build 21.0.11+10-LTS)
# Java VM: OpenJDK 64-Bit Server VM Temurin-21.0.11+10 (21.0.11+10-LTS, mixed mode, sharing, tiered, compressed oops, compressed class ptrs, parallel gc, windows-amd64)
# No core dump will be written. Minidumps are not enabled by default on client versions of Windows
#

---------------  S U M M A R Y ------------

Command Line: --add-modules=ALL-SYSTEM --add-opens=java.base/java.util=ALL-UNNAMED --add-opens=java.base/java.lang=ALL-UNNAMED --add-opens=java.base/sun.nio.fs=ALL-UNNAMED -Declipse.application=org.eclipse.jdt.ls.core.id1 -Dosgi.bundles.defaultStartLevel=4 -Declipse.product=org.eclipse.jdt.ls.core.product -Djava.import.generatesMetadataFilesAtProjectRoot=false -DDetectVMInstallationsJob.disabled=true -Dfile.encoding=utf8 -XX:+UseParallelGC -XX:GCTimeRatio=4 -XX:AdaptiveSizePolicyWeight=90 -Dsun.zip.disableMemoryMapping=true -Xmx2G -Xms100m -Xlog:disable -javaagent:c:\Users\mahes\.vscode\extensions\redhat.java-1.55.0-win32-x64\lombok\lombok-1.18.39-4050.jar -XX:+HeapDumpOnOutOfMemoryError -XX:HeapDumpPath=c:\Users\mahes\AppData\Roaming\Code\User\workspaceStorage\256bdafa8ced7067aa21407b5ab181db\redhat.java -Daether.dependencyCollector.impl=bf c:\Users\mahes\.vscode\extensions\redhat.java-1.55.0-win32-x64\server\plugins\org.eclipse.equinox.launcher_1.7.200.v20260619-2039.jar -configuration c:\Users\mahes\AppData\Roaming\Code\User\globalStorage\redhat.java\1.55.0\config_win -data c:\Users\mahes\AppData\Roaming\Code\User\workspaceStorage\256bdafa8ced7067aa21407b5ab181db\redhat.java\jdt_ws --pipe=\\.\pipe\lsp-138dba3acf952354d8dea3d83be890d2-sock

Host: 11th Gen Intel(R) Core(TM) i3-1115G4 @ 3.00GHz, 4 cores, 7G,  Windows 11 , 64 bit Build 26100 (10.0.26100.9168)
Time: Sat Aug 22 15:14:32 2026 India Standard Time elapsed time: 3079.491678 seconds (0d 0h 51m 19s)

---------------  T H R E A D  ---------------

Current thread (0x000001c4b03f69a0):  JavaThread "Attach Listener" daemon [_thread_in_vm, id=45252, stack(0x0000004716200000,0x0000004716300000) (1024K)]

Stack: [0x0000004716200000,0x0000004716300000]
Native frames: (J=compiled Java code, j=interpreted, Vv=VM code, C=native code)
V  [jvm.dll+0x6d7e19]
V  [jvm.dll+0x8b5096]
V  [jvm.dll+0x8b764e]
V  [jvm.dll+0x8b7d33]
V  [jvm.dll+0x284596]
V  [jvm.dll+0xc13c7]
V  [jvm.dll+0x6d86c9]
V  [jvm.dll+0x133616]
V  [jvm.dll+0x3f868e]
V  [jvm.dll+0x85fb0d]
V  [jvm.dll+0x6d664d]
C  [ucrtbase.dll+0x2cd30]
C  [KERNEL32.DLL+0x2ccb7]
C  [ntdll.dll+0xaad6c]


---------------  P R O C E S S  ---------------

Threads class SMR info:
_java_thread_list=0x000001c4fa649be0, length=45, elements={
0x000001c49781c2e0, 0x000001c499d6cde0, 0x000001c4b03f2730, 0x000001c4b03f5f40,
0x000001c4b03f69a0, 0x000001c4b03f8260, 0x000001c4b03f8cc0, 0x000001c4b03fdb20,
0x000001c4b047efe0, 0x000001c4f23f7910, 0x000001c4f24f9540, 0x000001c4f2c19520,
0x000001c4f2df9c80, 0x000001c4f2d3a830, 0x000001c4f2804d10, 0x000001c4f2c12ab0,
0x000001c4f2dee540, 0x000001c4f75c1fe0, 0x000001c4f2484030, 0x000001c4f24825f0,
0x000001c4f93b8f20, 0x000001c4f93ba2d0, 0x000001c4f93ba960, 0x000001c4f93b95b0,
0x000001c4f93b7b70, 0x000001c4f93b9c40, 0x000001c4f93b8890, 0x000001c4f93baff0,
0x000001c4f93cc250, 0x000001c4f93ccf70, 0x000001c4f93d03f0, 0x000001c4f93d1110,
0x000001c4f93d17a0, 0x000001c4f2482c80, 0x000001c4f93cc8e0, 0x000001c4f93d0a80,
0x000001c4f93d1e30, 0x000001c4f93d31e0, 0x000001c4f93cfd60, 0x000001c4f93bd750,
0x000001c4f93bf190, 0x000001c4f743c900, 0x000001c4f743d620, 0x000001c4f743aec0,
0x000001c4f743cf90
}

Java Threads: ( => current thread )
  0x000001c49781c2e0 JavaThread "main"                              [_thread_blocked, id=46304, stack(0x0000004715b00000,0x0000004715c00000) (1024K)]
  0x000001c499d6cde0 JavaThread "Reference Handler"          daemon [_thread_blocked, id=52188, stack(0x0000004715f00000,0x0000004716000000) (1024K)]
  0x000001c4b03f2730 JavaThread "Finalizer"                  daemon [_thread_blocked, id=50892, stack(0x0000004716000000,0x0000004716100000) (1024K)]
  0x000001c4b03f5f40 JavaThread "Signal Dispatcher"          daemon [_thread_blocked, id=35828, stack(0x0000004716100000,0x0000004716200000) (1024K)]
=>0x000001c4b03f69a0 JavaThread "Attach Listener"            daemon [_thread_in_vm, id=45252, stack(0x0000004716200000,0x0000004716300000) (1024K)]
  0x000001c4b03f8260 JavaThread "Service Thread"             daemon [_thread_blocked, id=34824, stack(0x0000004716300000,0x0000004716400000) (1024K)]
  0x000001c4b03f8cc0 JavaThread "Monitor Deflation Thread"   daemon [_thread_blocked, id=42464, stack(0x0000004716400000,0x0000004716500000) (1024K)]
  0x000001c4b03fdb20 JavaThread "C2 CompilerThread0"         daemon [_thread_blocked, id=43108, stack(0x0000004716500000,0x0000004716600000) (1024K)]
  0x000001c4b047efe0 JavaThread "C1 CompilerThread0"         daemon [_thread_blocked, id=37488, stack(0x0000004716600000,0x0000004716700000) (1024K)]
  0x000001c4f23f7910 JavaThread "Common-Cleaner"             daemon [_thread_blocked, id=8676, stack(0x0000004716700000,0x0000004716800000) (1024K)]
  0x000001c4f24f9540 JavaThread "Notification Thread"        daemon [_thread_blocked, id=32380, stack(0x0000004716800000,0x0000004716900000) (1024K)]
  0x000001c4f2c19520 JavaThread "Active Thread: Equinox Container: c575c50e-1f70-443b-8f33-b83a97413c40"        [_thread_blocked, id=30856, stack(0x0000004716c00000,0x0000004716d00000) (1024K)]
  0x000001c4f2df9c80 JavaThread "Refresh Thread: Equinox Container: c575c50e-1f70-443b-8f33-b83a97413c40" daemon [_thread_blocked, id=4304, stack(0x0000004716d00000,0x0000004716e00000) (1024K)]
  0x000001c4f2d3a830 JavaThread "Framework Event Dispatcher: Equinox Container: c575c50e-1f70-443b-8f33-b83a97413c40" daemon [_thread_blocked, id=9120, stack(0x0000004716e00000,0x0000004716f00000) (1024K)]
  0x000001c4f2804d10 JavaThread "Start Level: Equinox Container: c575c50e-1f70-443b-8f33-b83a97413c40" daemon [_thread_blocked, id=16992, stack(0x0000004716f00000,0x0000004717000000) (1024K)]
  0x000001c4f2c12ab0 JavaThread "Bundle File Closer"         daemon [_thread_blocked, id=24124, stack(0x0000004717100000,0x0000004717200000) (1024K)]
  0x000001c4f2dee540 JavaThread "SCR Component Actor"        daemon [_thread_blocked, id=21636, stack(0x0000004717000000,0x0000004717100000) (1024K)]
  0x000001c4f75c1fe0 JavaThread "Worker-JM"                         [_thread_blocked, id=11964, stack(0x0000004717200000,0x0000004717300000) (1024K)]
  0x000001c4f2484030 JavaThread "JNA Cleaner"                daemon [_thread_blocked, id=24160, stack(0x0000004717300000,0x0000004717400000) (1024K)]
  0x000001c4f24825f0 JavaThread "Java indexing"              daemon [_thread_blocked, id=1700, stack(0x0000004717900000,0x0000004717a00000) (1024K)]
  0x000001c4f93b8f20 JavaThread "Thread-1"                   daemon [_thread_in_native, id=12324, stack(0x0000004717e00000,0x0000004717f00000) (1024K)]
  0x000001c4f93ba2d0 JavaThread "Thread-2"                   daemon [_thread_in_native, id=36108, stack(0x0000004717f00000,0x0000004718000000) (1024K)]
  0x000001c4f93ba960 JavaThread "Thread-3"                   daemon [_thread_in_native, id=35364, stack(0x0000004718000000,0x0000004718100000) (1024K)]
  0x000001c4f93b95b0 JavaThread "Thread-4"                   daemon [_thread_in_native, id=43508, stack(0x0000004718100000,0x0000004718200000) (1024K)]
  0x000001c4f93b7b70 JavaThread "Thread-5"                   daemon [_thread_in_native, id=1724, stack(0x0000004718200000,0x0000004718300000) (1024K)]
  0x000001c4f93b9c40 JavaThread "pool-2-thread-1"                   [_thread_blocked, id=51808, stack(0x0000004718300000,0x0000004718400000) (1024K)]
  0x000001c4f93b8890 JavaThread "WorkspaceEventsHandler"            [_thread_blocked, id=26920, stack(0x0000004718400000,0x0000004718500000) (1024K)]
  0x000001c4f93baff0 JavaThread "pool-1-thread-1"                   [_thread_blocked, id=28508, stack(0x0000004718500000,0x0000004718600000) (1024K)]
  0x000001c4f93cc250 JavaThread "Cleaner-0"                  daemon [_thread_blocked, id=38104, stack(0x0000004718900000,0x0000004718a00000) (1024K)]
  0x000001c4f93ccf70 JavaThread "PatternSearchJob-worker-3"  daemon [_thread_blocked, id=19048, stack(0x0000004718a00000,0x0000004718b00000) (1024K)]
  0x000001c4f93d03f0 JavaThread "Java Debug Server"          daemon [_thread_in_native, id=14736, stack(0x0000004717b00000,0x0000004717c00000) (1024K)]
  0x000001c4f93d1110 JavaThread "RxSchedulerPurge-1"         daemon [_thread_blocked, id=15460, stack(0x0000004718b00000,0x0000004718c00000) (1024K)]
  0x000001c4f93d17a0 JavaThread "RxCachedWorkerPoolEvictor-1" daemon [_thread_blocked, id=24772, stack(0x0000004718c00000,0x0000004718d00000) (1024K)]
  0x000001c4f2482c80 JavaThread "ForkJoinPool.commonPool-worker-4" daemon [_thread_blocked, id=860, stack(0x0000004715900000,0x0000004715a00000) (1024K)]
  0x000001c4f93cc8e0 JavaThread "ForkJoinPool.commonPool-worker-5" daemon [_thread_blocked, id=6976, stack(0x0000004717600000,0x0000004717700000) (1024K)]
  0x000001c4f93d0a80 JavaThread "Worker-8"                          [_thread_blocked, id=39656, stack(0x0000004715800000,0x0000004715900000) (1024K)]
  0x000001c4f93d1e30 JavaThread "PatternSearchJob-worker-4"  daemon [_thread_blocked, id=5664, stack(0x0000004715a00000,0x0000004715b00000) (1024K)]
  0x000001c4f93d31e0 JavaThread "ForkJoinPool.commonPool-worker-7" daemon [_thread_blocked, id=13212, stack(0x0000004717500000,0x0000004717600000) (1024K)]
  0x000001c4f93cfd60 JavaThread "Worker-9"                          [_thread_blocked, id=20788, stack(0x0000004717700000,0x0000004717800000) (1024K)]
  0x000001c4f93bd750 JavaThread "PatternSearchJob-worker-6"  daemon [_thread_blocked, id=41372, stack(0x0000004717800000,0x0000004717900000) (1024K)]
  0x000001c4f93bf190 JavaThread "Compiler Source File Reader" daemon [_thread_blocked, id=29656, stack(0x0000004717400000,0x0000004717500000) (1024K)]
  0x000001c4f743c900 JavaThread "Compiler Source File Reader" daemon [_thread_blocked, id=24652, stack(0x0000004717a00000,0x0000004717b00000) (1024K)]
  0x000001c4f743d620 JavaThread "Worker-10"                         [_thread_blocked, id=43088, stack(0x0000004717d00000,0x0000004717e00000) (1024K)]
  0x000001c4f743aec0 JavaThread "Compiler Processing Task"   daemon [_thread_blocked, id=32852, stack(0x0000004717c00000,0x0000004717d00000) (1024K)]
  0x000001c4f743cf90 JavaThread "process reaper"             daemon [_thread_blocked, id=22936, stack(0x0000004715550000,0x0000004715570000) (128K)]
Total: 45

Other Threads:
  0x000001c4b03ee8f0 VMThread "VM Thread"                           [id=18216, stack(0x0000004715e00000,0x0000004715f00000) (1024K)]
  0x000001c499d21ad0 WatcherThread "VM Periodic Task Thread"        [id=9884, stack(0x0000004715d00000,0x0000004715e00000) (1024K)]
  0x000001c499cd56f0 WorkerThread "GC Thread#0"                     [id=38632, stack(0x0000004715c00000,0x0000004715d00000) (1024K)]
  0x000001c4f2a23160 WorkerThread "GC Thread#1"                     [id=35912, stack(0x0000004716900000,0x0000004716a00000) (1024K)]
  0x000001c4f2a27590 WorkerThread "GC Thread#2"                     [id=32660, stack(0x0000004716a00000,0x0000004716b00000) (1024K)]
  0x000001c4f2a27940 WorkerThread "GC Thread#3"                     [id=3876, stack(0x0000004716b00000,0x0000004716c00000) (1024K)]
Total: 6

Threads with active compile tasks:
Total: 0

VM state: not at safepoint (normal execution)

VM Mutex/Monitor currently owned by a thread: None

Heap address: 0x0000000080000000, size: 2048 MB, Compressed Oops mode: 32-bit

CDS archive(s) mapped at: [0x000001c4b1000000-0x000001c4b1ba0000-0x000001c4b1ba0000), size 12189696, SharedBaseAddress: 0x000001c4b1000000, ArchiveRelocationMode: 1.
Compressed class space mapped at: 0x000001c4b2000000-0x000001c4f2000000, reserved size: 1073741824
Narrow klass base: 0x000001c4b1000000, Narrow klass shift: 0, Narrow klass range: 0x100000000

GC Precious Log:
 CardTable entry size: 512
 CPUs: 4 total, 4 available
 Memory: 7926M
 Large Page Support: Disabled
 NUMA Support: Disabled
 Compressed Oops: Enabled (32-bit)
 Alignments: Space 512K, Generation 512K, Heap 2M
 Heap Min Capacity: 100M
 Heap Initial Capacity: 100M
 Heap Max Capacity: 2G
 Pre-touch: Disabled
 Parallel Workers: 4

Heap:
 PSYoungGen      total 7680K, used 4222K [0x00000000d5580000, 0x00000000d6180000, 0x0000000100000000)
  eden space 7168K, 57% used [0x00000000d5580000,0x00000000d597f9c0,0x00000000d5c80000)
  from space 512K, 25% used [0x00000000d6080000,0x00000000d60a0000,0x00000000d6100000)
  to   space 512K, 0% used [0x00000000d6100000,0x00000000d6100000,0x00000000d6180000)
 ParOldGen       total 820736K, used 820450K [0x0000000080000000, 0x00000000b2180000, 0x00000000d5580000)
  object space 820736K, 99% used [0x0000000080000000,0x00000000b21389a0,0x00000000b2180000)
 Metaspace       used 85353K, committed 87168K, reserved 1179648K
  class space    used 8765K, committed 9600K, reserved 1048576K

Card table byte_map: [0x000001c499560000,0x000001c499970000] _byte_map_base: 0x000001c499160000

Marking Bits: (ParMarkBitMap*) 0x00007ffb9cfc4460
 Begin Bits: [0x000001c4abeb0000, 0x000001c4adeb0000)
 End Bits:   [0x000001c4adeb0000, 0x000001c4afeb0000)

Polling page: 0x000001c497a70000

Metaspace:

Usage:
  Non-class:     74.79 MB used.
      Class:      8.56 MB used.
       Both:     83.35 MB used.

Virtual space:
  Non-class space:      128.00 MB reserved,      75.75 MB ( 59%) committed,  2 nodes.
      Class space:        1.00 GB reserved,       9.38 MB ( <1%) committed,  1 nodes.
             Both:        1.12 GB reserved,      85.12 MB (  7%) committed. 

Chunk freelists:
   Non-Class:  3.69 MB
       Class:  6.66 MB
        Both:  10.35 MB

MaxMetaspaceSize: unlimited
CompressedClassSpaceSize: 1.00 GB
Initial GC threshold: 21.00 MB
Current GC threshold: 129.38 MB
CDS: on
 - commit_granule_bytes: 65536.
 - commit_granule_words: 8192.
 - virtual_space_node_default_size: 8388608.
 - enlarge_chunks_in_place: 1.
 - use_allocation_guard: 0.


Internal statistics:

num_allocs_failed_limit: 9.
num_arena_births: 1626.
num_arena_deaths: 14.
num_vsnodes_births: 3.
num_vsnodes_deaths: 0.
num_space_committed: 1362.
num_space_uncommitted: 0.
num_chunks_returned_to_freelist: 23.
num_chunks_taken_from_freelist: 6020.
num_chunk_merges: 15.
num_chunk_splits: 3658.
num_chunks_enlarged: 1976.
num_inconsistent_stats: 0.

CodeHeap 'non-profiled nmethods': size=120000Kb used=21935Kb max_used=21935Kb free=98064Kb
 bounds [0x000001c4a4980000, 0x000001c4a5ef0000, 0x000001c4abeb0000]
CodeHeap 'profiled nmethods': size=120000Kb used=46649Kb max_used=46649Kb free=73350Kb
 bounds [0x000001c49ceb0000, 0x000001c49fc40000, 0x000001c4a43e0000]
CodeHeap 'non-nmethods': size=5760Kb used=1499Kb max_used=1587Kb free=4260Kb
 bounds [0x000001c4a43e0000, 0x000001c4a4650000, 0x000001c4a4980000]
CodeCache: size=245760Kb, used=70083Kb, max_used=70171Kb, free=175674Kb
 total_blobs=18550, nmethods=17738, adapters=714, full_count=0
Compilation: enabled, stopped_count=0, restarted_count=0

Compilation events (20 events):
Event: 3025.064 Thread 0x000001c4b047efe0 19340       3       org.eclipse.core.internal.dtree.AbstractDataTree::immutable (16 bytes)
Event: 3025.064 Thread 0x000001c4b047efe0 nmethod 19340 0x000001c49fc3be90 code [0x000001c49fc3c040, 0x000001c49fc3c1c8]
Event: 3025.155 Thread 0x000001c4b03fdb20 19341       4       java.lang.ProcessHandleImpl::descendants (237 bytes)
Event: 3025.168 Thread 0x000001c4b03fdb20 nmethod 19341 0x000001c4a5ee6310 code [0x000001c4a5ee6540, 0x000001c4a5ee70c8]
Event: 3065.445 Thread 0x000001c4b03fdb20 19342       4       java.util.regex.Pattern$$Lambda/0x800000029::is (13 bytes)
Event: 3065.446 Thread 0x000001c4b03fdb20 nmethod 19342 0x000001c4a5ee7990 code [0x000001c4a5ee7b20, 0x000001c4a5ee7bc0]
Event: 3067.342 Thread 0x000001c4b03fdb20 19343       4       org.eclipse.lsp4j.jsonrpc.json.adapters.MessageTypeAdapter::handleParameter (113 bytes)
Event: 3067.372 Thread 0x000001c4b03fdb20 nmethod 19343 0x000001c4a5ee7c90 code [0x000001c4a5ee7fc0, 0x000001c4a5ee9038]
Event: 3071.371 Thread 0x000001c4b03fdb20 19344       4       org.eclipse.jdt.ls.core.internal.corrections.InnovationContext::getCoveredNode (38 bytes)
Event: 3071.374 Thread 0x000001c4b03fdb20 nmethod 19344 0x000001c4a5ee9e10 code [0x000001c4a5ee9fa0, 0x000001c4a5eea050]
Event: 3071.374 Thread 0x000001c4b03fdb20 19345       4       org.eclipse.jdt.ls.core.internal.preferences.ClientPreferences::isResolveCodeActionSupported (121 bytes)
Event: 3071.382 Thread 0x000001c4b03fdb20 nmethod 19345 0x000001c4a5eea110 code [0x000001c4a5eea2e0, 0x000001c4a5eea678]
Event: 3072.916 Thread 0x000001c4b03fdb20 19346       4       org.eclipse.jdt.internal.compiler.parser.Parser::updateSourceDeclarationParts (107 bytes)
Event: 3072.922 Thread 0x000001c4b03fdb20 nmethod 19346 0x000001c4a5eea990 code [0x000001c4a5eeab20, 0x000001c4a5eeacd8]
Event: 3073.981 Thread 0x000001c4b047efe0 19347       3       java.lang.invoke.LambdaForm$DMH/0x000001c4b28bb400::newInvokeSpecial (27 bytes)
Event: 3073.983 Thread 0x000001c4b047efe0 nmethod 19347 0x000001c49fc3c290 code [0x000001c49fc3c480, 0x000001c49fc3c9a8]
Event: 3073.983 Thread 0x000001c4b047efe0 19348       3       java.lang.invoke.LambdaForm$MH/0x000001c4b28bb800::invoke (63 bytes)
Event: 3073.984 Thread 0x000001c4b047efe0 nmethod 19348 0x000001c49fc3cb90 code [0x000001c49fc3ce80, 0x000001c49fc3e0b0]
Event: 3079.136 Thread 0x000001c4b03fdb20 19349       4       sun.util.locale.provider.LocaleProviderAdapter::getAdapter (177 bytes)
Event: 3079.148 Thread 0x000001c4b03fdb20 nmethod 19349 0x000001c4a5eeae90 code [0x000001c4a5eeb0a0, 0x000001c4a5eeb678]

GC Heap History (20 events):
Event: 3065.024 GC heap before
{Heap before GC invocations=2100 (full 4):
 PSYoungGen      total 7680K, used 7392K [0x00000000d5580000, 0x00000000d5f00000, 0x0000000100000000)
  eden space 7168K, 100% used [0x00000000d5580000,0x00000000d5c80000,0x00000000d5c80000)
  from space 512K, 43% used [0x00000000d5e00000,0x00000000d5e38020,0x00000000d5e80000)
  to   space 512K, 0% used [0x00000000d5e80000,0x00000000d5e80000,0x00000000d5f00000)
 ParOldGen       total 817664K, used 817266K [0x0000000080000000, 0x00000000b1e80000, 0x00000000d5580000)
  object space 817664K, 99% used [0x0000000080000000,0x00000000b1e1c990,0x00000000b1e80000)
 Metaspace       used 85351K, committed 87104K, reserved 1179648K
  class space    used 8765K, committed 9600K, reserved 1048576K
}
Event: 3065.026 GC heap after
{Heap after GC invocations=2100 (full 4):
 PSYoungGen      total 7680K, used 495K [0x00000000d5580000, 0x00000000d5f00000, 0x0000000100000000)
  eden space 7168K, 0% used [0x00000000d5580000,0x00000000d5580000,0x00000000d5c80000)
  from space 512K, 96% used [0x00000000d5e80000,0x00000000d5efbc80,0x00000000d5f00000)
  to   space 1024K, 0% used [0x00000000d5d00000,0x00000000d5d00000,0x00000000d5e00000)
 ParOldGen       total 817664K, used 817570K [0x0000000080000000, 0x00000000b1e80000, 0x00000000d5580000)
  object space 817664K, 99% used [0x0000000080000000,0x00000000b1e689a0,0x00000000b1e80000)
 Metaspace       used 85351K, committed 87104K, reserved 1179648K
  class space    used 8765K, committed 9600K, reserved 1048576K
}
Event: 3065.037 GC heap before
{Heap before GC invocations=2101 (full 4):
 PSYoungGen      total 7680K, used 7663K [0x00000000d5580000, 0x00000000d5f00000, 0x0000000100000000)
  eden space 7168K, 100% used [0x00000000d5580000,0x00000000d5c80000,0x00000000d5c80000)
  from space 512K, 96% used [0x00000000d5e80000,0x00000000d5efbc80,0x00000000d5f00000)
  to   space 1024K, 0% used [0x00000000d5d00000,0x00000000d5d00000,0x00000000d5e00000)
 ParOldGen       total 817664K, used 817570K [0x0000000080000000, 0x00000000b1e80000, 0x00000000d5580000)
  object space 817664K, 99% used [0x0000000080000000,0x00000000b1e689a0,0x00000000b1e80000)
 Metaspace       used 85351K, committed 87104K, reserved 1179648K
  class space    used 8765K, committed 9600K, reserved 1048576K
}
Event: 3065.041 GC heap after
{Heap after GC invocations=2101 (full 4):
 PSYoungGen      total 8192K, used 1007K [0x00000000d5580000, 0x00000000d6580000, 0x0000000100000000)
  eden space 7168K, 0% used [0x00000000d5580000,0x00000000d5580000,0x00000000d5c80000)
  from space 1024K, 98% used [0x00000000d5d00000,0x00000000d5dfbc80,0x00000000d5e00000)
  to   space 4608K, 0% used [0x00000000d6100000,0x00000000d6100000,0x00000000d6580000)
 ParOldGen       total 820736K, used 820306K [0x0000000080000000, 0x00000000b2180000, 0x00000000d5580000)
  object space 820736K, 99% used [0x0000000080000000,0x00000000b21149a0,0x00000000b2180000)
 Metaspace       used 85351K, committed 87104K, reserved 1179648K
  class space    used 8765K, committed 9600K, reserved 1048576K
}
Event: 3066.269 GC heap before
{Heap before GC invocations=2102 (full 4):
 PSYoungGen      total 8192K, used 8175K [0x00000000d5580000, 0x00000000d6580000, 0x0000000100000000)
  eden space 7168K, 100% used [0x00000000d5580000,0x00000000d5c80000,0x00000000d5c80000)
  from space 1024K, 98% used [0x00000000d5d00000,0x00000000d5dfbc80,0x00000000d5e00000)
  to   space 4608K, 0% used [0x00000000d6100000,0x00000000d6100000,0x00000000d6580000)
 ParOldGen       total 820736K, used 820306K [0x0000000080000000, 0x00000000b2180000, 0x00000000d5580000)
  object space 820736K, 99% used [0x0000000080000000,0x00000000b21149a0,0x00000000b2180000)
 Metaspace       used 85351K, committed 87104K, reserved 1179648K
  class space    used 8765K, committed 9600K, reserved 1048576K
}
Event: 3066.271 GC heap after
{Heap after GC invocations=2102 (full 4):
 PSYoungGen      total 7680K, used 128K [0x00000000d5580000, 0x00000000d6180000, 0x0000000100000000)
  eden space 7168K, 0% used [0x00000000d5580000,0x00000000d5580000,0x00000000d5c80000)
  from space 512K, 25% used [0x00000000d6100000,0x00000000d6120000,0x00000000d6180000)
  to   space 1536K, 0% used [0x00000000d5e80000,0x00000000d5e80000,0x00000000d6000000)
 ParOldGen       total 820736K, used 820314K [0x0000000080000000, 0x00000000b2180000, 0x00000000d5580000)
  object space 820736K, 99% used [0x0000000080000000,0x00000000b21169a0,0x00000000b2180000)
 Metaspace       used 85351K, committed 87104K, reserved 1179648K
  class space    used 8765K, committed 9600K, reserved 1048576K
}
Event: 3067.575 GC heap before
{Heap before GC invocations=2103 (full 4):
 PSYoungGen      total 7680K, used 7296K [0x00000000d5580000, 0x00000000d6180000, 0x0000000100000000)
  eden space 7168K, 100% used [0x00000000d5580000,0x00000000d5c80000,0x00000000d5c80000)
  from space 512K, 25% used [0x00000000d6100000,0x00000000d6120000,0x00000000d6180000)
  to   space 1536K, 0% used [0x00000000d5e80000,0x00000000d5e80000,0x00000000d6000000)
 ParOldGen       total 820736K, used 820314K [0x0000000080000000, 0x00000000b2180000, 0x00000000d5580000)
  object space 820736K, 99% used [0x0000000080000000,0x00000000b21169a0,0x00000000b2180000)
 Metaspace       used 85351K, committed 87104K, reserved 1179648K
  class space    used 8765K, committed 9600K, reserved 1048576K
}
Event: 3067.578 GC heap after
{Heap after GC invocations=2103 (full 4):
 PSYoungGen      total 8704K, used 128K [0x00000000d5580000, 0x00000000d6180000, 0x0000000100000000)
  eden space 7168K, 0% used [0x00000000d5580000,0x00000000d5580000,0x00000000d5c80000)
  from space 1536K, 8% used [0x00000000d5e80000,0x00000000d5ea0000,0x00000000d6000000)
  to   space 512K, 0% used [0x00000000d6100000,0x00000000d6100000,0x00000000d6180000)
 ParOldGen       total 820736K, used 820346K [0x0000000080000000, 0x00000000b2180000, 0x00000000d5580000)
  object space 820736K, 99% used [0x0000000080000000,0x00000000b211e9a0,0x00000000b2180000)
 Metaspace       used 85351K, committed 87104K, reserved 1179648K
  class space    used 8765K, committed 9600K, reserved 1048576K
}
Event: 3068.570 GC heap before
{Heap before GC invocations=2104 (full 4):
 PSYoungGen      total 8704K, used 7296K [0x00000000d5580000, 0x00000000d6180000, 0x0000000100000000)
  eden space 7168K, 100% used [0x00000000d5580000,0x00000000d5c80000,0x00000000d5c80000)
  from space 1536K, 8% used [0x00000000d5e80000,0x00000000d5ea0000,0x00000000d6000000)
  to   space 512K, 0% used [0x00000000d6100000,0x00000000d6100000,0x00000000d6180000)
 ParOldGen       total 820736K, used 820346K [0x0000000080000000, 0x00000000b2180000, 0x00000000d5580000)
  object space 820736K, 99% used [0x0000000080000000,0x00000000b211e9a0,0x00000000b2180000)
 Metaspace       used 85351K, committed 87104K, reserved 1179648K
  class space    used 8765K, committed 9600K, reserved 1048576K
}
Event: 3068.574 GC heap after
{Heap after GC invocations=2104 (full 4):
 PSYoungGen      total 7680K, used 224K [0x00000000d5580000, 0x00000000d6180000, 0x0000000100000000)
  eden space 7168K, 0% used [0x00000000d5580000,0x00000000d5580000,0x00000000d5c80000)
  from space 512K, 43% used [0x00000000d6100000,0x00000000d6138000,0x00000000d6180000)
  to   space 512K, 0% used [0x00000000d6080000,0x00000000d6080000,0x00000000d6100000)
 ParOldGen       total 820736K, used 820370K [0x0000000080000000, 0x00000000b2180000, 0x00000000d5580000)
  object space 820736K, 99% used [0x0000000080000000,0x00000000b21249a0,0x00000000b2180000)
 Metaspace       used 85351K, committed 87104K, reserved 1179648K
  class space    used 8765K, committed 9600K, reserved 1048576K
}
Event: 3071.791 GC heap before
{Heap before GC invocations=2105 (full 4):
 PSYoungGen      total 7680K, used 7392K [0x00000000d5580000, 0x00000000d6180000, 0x0000000100000000)
  eden space 7168K, 100% used [0x00000000d5580000,0x00000000d5c80000,0x00000000d5c80000)
  from space 512K, 43% used [0x00000000d6100000,0x00000000d6138000,0x00000000d6180000)
  to   space 512K, 0% used [0x00000000d6080000,0x00000000d6080000,0x00000000d6100000)
 ParOldGen       total 820736K, used 820370K [0x0000000080000000, 0x00000000b2180000, 0x00000000d5580000)
  object space 820736K, 99% used [0x0000000080000000,0x00000000b21249a0,0x00000000b2180000)
 Metaspace       used 85351K, committed 87104K, reserved 1179648K
  class space    used 8765K, committed 9600K, reserved 1048576K
}
Event: 3071.797 GC heap after
{Heap after GC invocations=2105 (full 4):
 PSYoungGen      total 7680K, used 128K [0x00000000d5580000, 0x00000000d6180000, 0x0000000100000000)
  eden space 7168K, 0% used [0x00000000d5580000,0x00000000d5580000,0x00000000d5c80000)
  from space 512K, 25% used [0x00000000d6080000,0x00000000d60a0000,0x00000000d6100000)
  to   space 512K, 0% used [0x00000000d6100000,0x00000000d6100000,0x00000000d6180000)
 ParOldGen       total 820736K, used 820378K [0x0000000080000000, 0x00000000b2180000, 0x00000000d5580000)
  object space 820736K, 99% used [0x0000000080000000,0x00000000b21269a0,0x00000000b2180000)
 Metaspace       used 85351K, committed 87104K, reserved 1179648K
  class space    used 8765K, committed 9600K, reserved 1048576K
}
Event: 3072.734 GC heap before
{Heap before GC invocations=2106 (full 4):
 PSYoungGen      total 7680K, used 7296K [0x00000000d5580000, 0x00000000d6180000, 0x0000000100000000)
  eden space 7168K, 100% used [0x00000000d5580000,0x00000000d5c80000,0x00000000d5c80000)
  from space 512K, 25% used [0x00000000d6080000,0x00000000d60a0000,0x00000000d6100000)
  to   space 512K, 0% used [0x00000000d6100000,0x00000000d6100000,0x00000000d6180000)
 ParOldGen       total 820736K, used 820378K [0x0000000080000000, 0x00000000b2180000, 0x00000000d5580000)
  object space 820736K, 99% used [0x0000000080000000,0x00000000b21269a0,0x00000000b2180000)
 Metaspace       used 85351K, committed 87104K, reserved 1179648K
  class space    used 8765K, committed 9600K, reserved 1048576K
}
Event: 3072.738 GC heap after
{Heap after GC invocations=2106 (full 4):
 PSYoungGen      total 7680K, used 224K [0x00000000d5580000, 0x00000000d6180000, 0x0000000100000000)
  eden space 7168K, 0% used [0x00000000d5580000,0x00000000d5580000,0x00000000d5c80000)
  from space 512K, 43% used [0x00000000d6100000,0x00000000d6138000,0x00000000d6180000)
  to   space 512K, 0% used [0x00000000d6080000,0x00000000d6080000,0x00000000d6100000)
 ParOldGen       total 820736K, used 820402K [0x0000000080000000, 0x00000000b2180000, 0x00000000d5580000)
  object space 820736K, 99% used [0x0000000080000000,0x00000000b212c9a0,0x00000000b2180000)
 Metaspace       used 85351K, committed 87104K, reserved 1179648K
  class space    used 8765K, committed 9600K, reserved 1048576K
}
Event: 3074.049 GC heap before
{Heap before GC invocations=2107 (full 4):
 PSYoungGen      total 7680K, used 7392K [0x00000000d5580000, 0x00000000d6180000, 0x0000000100000000)
  eden space 7168K, 100% used [0x00000000d5580000,0x00000000d5c80000,0x00000000d5c80000)
  from space 512K, 43% used [0x00000000d6100000,0x00000000d6138000,0x00000000d6180000)
  to   space 512K, 0% used [0x00000000d6080000,0x00000000d6080000,0x00000000d6100000)
 ParOldGen       total 820736K, used 820402K [0x0000000080000000, 0x00000000b2180000, 0x00000000d5580000)
  object space 820736K, 99% used [0x0000000080000000,0x00000000b212c9a0,0x00000000b2180000)
 Metaspace       used 85353K, committed 87168K, reserved 1179648K
  class space    used 8765K, committed 9600K, reserved 1048576K
}
Event: 3074.051 GC heap after
{Heap after GC invocations=2107 (full 4):
 PSYoungGen      total 7680K, used 160K [0x00000000d5580000, 0x00000000d6180000, 0x0000000100000000)
  eden space 7168K, 0% used [0x00000000d5580000,0x00000000d5580000,0x00000000d5c80000)
  from space 512K, 31% used [0x00000000d6080000,0x00000000d60a8000,0x00000000d6100000)
  to   space 512K, 0% used [0x00000000d6100000,0x00000000d6100000,0x00000000d6180000)
 ParOldGen       total 820736K, used 820426K [0x0000000080000000, 0x00000000b2180000, 0x00000000d5580000)
  object space 820736K, 99% used [0x0000000080000000,0x00000000b21329a0,0x00000000b2180000)
 Metaspace       used 85353K, committed 87168K, reserved 1179648K
  class space    used 8765K, committed 9600K, reserved 1048576K
}
Event: 3075.199 GC heap before
{Heap before GC invocations=2108 (full 4):
 PSYoungGen      total 7680K, used 7328K [0x00000000d5580000, 0x00000000d6180000, 0x0000000100000000)
  eden space 7168K, 100% used [0x00000000d5580000,0x00000000d5c80000,0x00000000d5c80000)
  from space 512K, 31% used [0x00000000d6080000,0x00000000d60a8000,0x00000000d6100000)
  to   space 512K, 0% used [0x00000000d6100000,0x00000000d6100000,0x00000000d6180000)
 ParOldGen       total 820736K, used 820426K [0x0000000080000000, 0x00000000b2180000, 0x00000000d5580000)
  object space 820736K, 99% used [0x0000000080000000,0x00000000b21329a0,0x00000000b2180000)
 Metaspace       used 85353K, committed 87168K, reserved 1179648K
  class space    used 8765K, committed 9600K, reserved 1048576K
}
Event: 3075.203 GC heap after
{Heap after GC invocations=2108 (full 4):
 PSYoungGen      total 7680K, used 128K [0x00000000d5580000, 0x00000000d6180000, 0x0000000100000000)
  eden space 7168K, 0% used [0x00000000d5580000,0x00000000d5580000,0x00000000d5c80000)
  from space 512K, 25% used [0x00000000d6100000,0x00000000d6120000,0x00000000d6180000)
  to   space 512K, 0% used [0x00000000d6080000,0x00000000d6080000,0x00000000d6100000)
 ParOldGen       total 820736K, used 820434K [0x0000000080000000, 0x00000000b2180000, 0x00000000d5580000)
  object space 820736K, 99% used [0x0000000080000000,0x00000000b21349a0,0x00000000b2180000)
 Metaspace       used 85353K, committed 87168K, reserved 1179648K
  class space    used 8765K, committed 9600K, reserved 1048576K
}
Event: 3079.125 GC heap before
{Heap before GC invocations=2109 (full 4):
 PSYoungGen      total 7680K, used 7296K [0x00000000d5580000, 0x00000000d6180000, 0x0000000100000000)
  eden space 7168K, 100% used [0x00000000d5580000,0x00000000d5c80000,0x00000000d5c80000)
  from space 512K, 25% used [0x00000000d6100000,0x00000000d6120000,0x00000000d6180000)
  to   space 512K, 0% used [0x00000000d6080000,0x00000000d6080000,0x00000000d6100000)
 ParOldGen       total 820736K, used 820434K [0x0000000080000000, 0x00000000b2180000, 0x00000000d5580000)
  object space 820736K, 99% used [0x0000000080000000,0x00000000b21349a0,0x00000000b2180000)
 Metaspace       used 85353K, committed 87168K, reserved 1179648K
  class space    used 8765K, committed 9600K, reserved 1048576K
}
Event: 3079.131 GC heap after
{Heap after GC invocations=2109 (full 4):
 PSYoungGen      total 7680K, used 128K [0x00000000d5580000, 0x00000000d6180000, 0x0000000100000000)
  eden space 7168K, 0% used [0x00000000d5580000,0x00000000d5580000,0x00000000d5c80000)
  from space 512K, 25% used [0x00000000d6080000,0x00000000d60a0000,0x00000000d6100000)
  to   space 512K, 0% used [0x00000000d6100000,0x00000000d6100000,0x00000000d6180000)
 ParOldGen       total 820736K, used 820450K [0x0000000080000000, 0x00000000b2180000, 0x00000000d5580000)
  object space 820736K, 99% used [0x0000000080000000,0x00000000b21389a0,0x00000000b2180000)
 Metaspace       used 85353K, committed 87168K, reserved 1179648K
  class space    used 8765K, committed 9600K, reserved 1048576K
}

Dll operation events (11 events):
Event: 0.015 Loaded shared library c:\Users\mahes\.vscode\extensions\redhat.java-1.55.0-win32-x64\jre\21.0.11-win32-x86_64\bin\java.dll
Event: 0.513 Loaded shared library c:\Users\mahes\.vscode\extensions\redhat.java-1.55.0-win32-x64\jre\21.0.11-win32-x86_64\bin\zip.dll
Event: 0.594 Loaded shared library C:\Users\mahes\.vscode\extensions\redhat.java-1.55.0-win32-x64\jre\21.0.11-win32-x86_64\bin\instrument.dll
Event: 0.607 Loaded shared library C:\Users\mahes\.vscode\extensions\redhat.java-1.55.0-win32-x64\jre\21.0.11-win32-x86_64\bin\net.dll
Event: 0.610 Loaded shared library C:\Users\mahes\.vscode\extensions\redhat.java-1.55.0-win32-x64\jre\21.0.11-win32-x86_64\bin\nio.dll
Event: 0.616 Loaded shared library C:\Users\mahes\.vscode\extensions\redhat.java-1.55.0-win32-x64\jre\21.0.11-win32-x86_64\bin\zip.dll
Event: 0.640 Loaded shared library C:\Users\mahes\.vscode\extensions\redhat.java-1.55.0-win32-x64\jre\21.0.11-win32-x86_64\bin\jimage.dll
Event: 0.842 Loaded shared library c:\Users\mahes\.vscode\extensions\redhat.java-1.55.0-win32-x64\jre\21.0.11-win32-x86_64\bin\verify.dll
Event: 7.341 Loaded shared library C:\Users\mahes\AppData\Roaming\Code\User\globalStorage\redhat.java\1.55.0\config_win\org.eclipse.equinox.launcher\org.eclipse.equinox.launcher.win32.win32.x86_64_1.3.100.v20260613-0559\eclipse_11924.dll
Event: 24.609 Loaded shared library C:\Users\mahes\AppData\Local\Temp\jna-103656706\jna4785353197570429882.dll
Event: 337.110 Loaded shared library C:\Users\mahes\.vscode\extensions\redhat.java-1.55.0-win32-x64\jre\21.0.11-win32-x86_64\bin\extnet.dll

Deoptimization events (20 events):
Event: 2135.078 Thread 0x000001c4f93cfd60 DEOPT PACKING pc=0x000001c4a561f96c sp=0x00000047177fe920
Event: 2135.078 Thread 0x000001c4f93cfd60 DEOPT UNPACKING pc=0x000001c4a4436da2 sp=0x00000047177fe8d0 mode 2
Event: 2149.985 Thread 0x000001c4f93d31e0 Uncommon trap: trap_request=0xffffff45 fr.pc=0x000001c4a5da7d28 relative=0x0000000000001408
Event: 2149.985 Thread 0x000001c4f93d31e0 Uncommon trap: reason=unstable_if action=reinterpret pc=0x000001c4a5da7d28 method=org.eclipse.jdt.internal.compiler.parser.diagnose.DiagnoseParser.primaryPhase(I)Lorg/eclipse/jdt/internal/compiler/parser/diagnose/DiagnoseParser$RepairCandidate; @ 243 c2
Event: 2149.985 Thread 0x000001c4f93d31e0 DEOPT PACKING pc=0x000001c4a5da7d28 sp=0x00000047175fdab0
Event: 2149.986 Thread 0x000001c4f93d31e0 DEOPT UNPACKING pc=0x000001c4a4436da2 sp=0x00000047175fda90 mode 2
Event: 2173.265 Thread 0x000001c4f93ccf70 Uncommon trap: trap_request=0xffffff45 fr.pc=0x000001c4a579b2a4 relative=0x00000000000006a4
Event: 2173.265 Thread 0x000001c4f93ccf70 Uncommon trap: reason=unstable_if action=reinterpret pc=0x000001c4a579b2a4 method=org.eclipse.jdt.internal.core.index.Index.isMatch([C[CI)Z @ 226 c2
Event: 2173.324 Thread 0x000001c4f93ccf70 DEOPT PACKING pc=0x000001c4a579b2a4 sp=0x0000004718aff020
Event: 2173.324 Thread 0x000001c4f93ccf70 DEOPT UNPACKING pc=0x000001c4a4436da2 sp=0x0000004718afef98 mode 2
Event: 2536.888 Thread 0x000001c4f2483310 Uncommon trap: trap_request=0xffffff45 fr.pc=0x000001c4a4c000c4 relative=0x0000000000000124
Event: 2536.888 Thread 0x000001c4f2483310 Uncommon trap: reason=unstable_if action=reinterpret pc=0x000001c4a4c000c4 method=java.util.concurrent.atomic.AtomicLong.updateAndGet(Ljava/util/function/LongUnaryOperator;)J @ 32 c2
Event: 2536.888 Thread 0x000001c4f2483310 DEOPT PACKING pc=0x000001c4a4c000c4 sp=0x0000004717dff070
Event: 2536.889 Thread 0x000001c4f2483310 DEOPT UNPACKING pc=0x000001c4a4436da2 sp=0x0000004717dff008 mode 2
Event: 2894.705 Thread 0x000001c4f93baff0 Uncommon trap: trap_request=0xffffff45 fr.pc=0x000001c4a58944e4 relative=0x0000000000000b24
Event: 2894.706 Thread 0x000001c4f93baff0 Uncommon trap: reason=unstable_if action=reinterpret pc=0x000001c4a58944e4 method=java.util.concurrent.ForkJoinPool.signalWork()V @ 184 c2
Event: 2894.706 Thread 0x000001c4f93baff0 DEOPT PACKING pc=0x000001c4a58944e4 sp=0x00000047185fefe0
Event: 2894.706 Thread 0x000001c4f93baff0 DEOPT UNPACKING pc=0x000001c4a4436da2 sp=0x00000047185fecc8 mode 2
Event: 3025.155 Thread 0x000001c4f743e340 DEOPT PACKING pc=0x000001c49fa002bb sp=0x0000004718ffead0
Event: 3025.158 Thread 0x000001c4f743e340 DEOPT UNPACKING pc=0x000001c4a44378e2 sp=0x0000004718ffe000 mode 0

Classes loaded (20 events):
Event: 505.998 Loading class java/util/function/LongFunction
Event: 506.061 Loading class java/util/function/LongFunction done
Event: 506.062 Loading class java/util/stream/Nodes$ConcNode
Event: 506.062 Loading class java/util/stream/Nodes$AbstractConcNode
Event: 506.063 Loading class java/util/stream/Nodes$AbstractConcNode done
Event: 506.063 Loading class java/util/stream/Nodes$ConcNode done
Event: 506.065 Loading class java/util/stream/Nodes$ToArrayTask$OfRef
Event: 506.065 Loading class java/util/stream/Nodes$ToArrayTask
Event: 506.065 Loading class java/util/stream/Nodes$ToArrayTask done
Event: 506.066 Loading class java/util/stream/Nodes$ToArrayTask$OfRef done
Event: 506.212 Loading class java/io/ObjectOutputStream$BlockDataOutputStream
Event: 506.213 Loading class java/io/ObjectOutputStream$BlockDataOutputStream done
Event: 506.213 Loading class java/io/ObjectOutputStream$HandleTable
Event: 506.214 Loading class java/io/ObjectOutputStream$HandleTable done
Event: 506.214 Loading class java/io/ObjectOutputStream$ReplaceTable
Event: 506.214 Loading class java/io/ObjectOutputStream$ReplaceTable done
Event: 1373.902 Loading class java/util/function/IntPredicate
Event: 1373.902 Loading class java/util/function/IntPredicate done
Event: 1373.927 Loading class java/util/regex/Pattern$Bound
Event: 1373.928 Loading class java/util/regex/Pattern$Bound done

Classes unloaded (7 events):
Event: 30.475 Thread 0x000001c4b03ee8f0 Unloading class 0x000001c4b21a9400 'java/lang/invoke/LambdaForm$MH+0x000001c4b21a9400'
Event: 30.475 Thread 0x000001c4b03ee8f0 Unloading class 0x000001c4b21a9000 'java/lang/invoke/LambdaForm$MH+0x000001c4b21a9000'
Event: 30.475 Thread 0x000001c4b03ee8f0 Unloading class 0x000001c4b21a8c00 'java/lang/invoke/LambdaForm$MH+0x000001c4b21a8c00'
Event: 30.475 Thread 0x000001c4b03ee8f0 Unloading class 0x000001c4b21a8800 'java/lang/invoke/LambdaForm$MH+0x000001c4b21a8800'
Event: 30.475 Thread 0x000001c4b03ee8f0 Unloading class 0x000001c4b21a8400 'java/lang/invoke/LambdaForm$BMH+0x000001c4b21a8400'
Event: 30.475 Thread 0x000001c4b03ee8f0 Unloading class 0x000001c4b21a8000 'java/lang/invoke/LambdaForm$DMH+0x000001c4b21a8000'
Event: 30.475 Thread 0x000001c4b03ee8f0 Unloading class 0x000001c4b21a6c00 'java/lang/invoke/LambdaForm$DMH+0x000001c4b21a6c00'

Classes redefined (0 events):
No events

Internal exceptions (20 events):
Event: 2897.253 Thread 0x000001c4f93d31e0 Exception <a 'sun/nio/fs/WindowsException'{0x00000000d5bdda60}> (0x00000000d5bdda60) 
thrown [s\src\hotspot\share\prims\jni.cpp, line 520]
Event: 2897.254 Thread 0x000001c4f93d31e0 Exception <a 'sun/nio/fs/WindowsException'{0x00000000d5bde170}> (0x00000000d5bde170) 
thrown [s\src\hotspot\share\prims\jni.cpp, line 520]
Event: 2897.254 Thread 0x000001c4f93d31e0 Exception <a 'sun/nio/fs/WindowsException'{0x00000000d5bdf2b0}> (0x00000000d5bdf2b0) 
thrown [s\src\hotspot\share\prims\jni.cpp, line 520]
Event: 2897.254 Thread 0x000001c4f93d31e0 Exception <a 'sun/nio/fs/WindowsException'{0x00000000d5bdf9c0}> (0x00000000d5bdf9c0) 
thrown [s\src\hotspot\share\prims\jni.cpp, line 520]
Event: 2964.916 Thread 0x000001c4f93d31e0 Exception <a 'sun/nio/fs/WindowsException'{0x00000000d5a68e20}> (0x00000000d5a68e20) 
thrown [s\src\hotspot\share\prims\jni.cpp, line 520]
Event: 2964.917 Thread 0x000001c4f93d31e0 Exception <a 'sun/nio/fs/WindowsException'{0x00000000d5a69530}> (0x00000000d5a69530) 
thrown [s\src\hotspot\share\prims\jni.cpp, line 520]
Event: 2964.918 Thread 0x000001c4f93d31e0 Exception <a 'sun/nio/fs/WindowsException'{0x00000000d5a6a428}> (0x00000000d5a6a428) 
thrown [s\src\hotspot\share\prims\jni.cpp, line 520]
Event: 2964.920 Thread 0x000001c4f93d31e0 Exception <a 'sun/nio/fs/WindowsException'{0x00000000d5a6ade8}> (0x00000000d5a6ade8) 
thrown [s\src\hotspot\share\prims\jni.cpp, line 520]
Event: 2964.922 Thread 0x000001c4f93d31e0 Exception <a 'sun/nio/fs/WindowsException'{0x00000000d5a6c620}> (0x00000000d5a6c620) 
thrown [s\src\hotspot\share\prims\jni.cpp, line 520]
Event: 2964.923 Thread 0x000001c4f93d31e0 Exception <a 'sun/nio/fs/WindowsException'{0x00000000d5a6cf78}> (0x00000000d5a6cf78) 
thrown [s\src\hotspot\share\prims\jni.cpp, line 520]
Event: 2964.923 Thread 0x000001c4f93d31e0 Exception <a 'sun/nio/fs/WindowsException'{0x00000000d5a6de48}> (0x00000000d5a6de48) 
thrown [s\src\hotspot\share\prims\jni.cpp, line 520]
Event: 2964.923 Thread 0x000001c4f93d31e0 Exception <a 'sun/nio/fs/WindowsException'{0x00000000d5a6e558}> (0x00000000d5a6e558) 
thrown [s\src\hotspot\share\prims\jni.cpp, line 520]
Event: 3024.225 Thread 0x000001c4f93cc8e0 Exception <a 'sun/nio/fs/WindowsException'{0x00000000d58888d8}> (0x00000000d58888d8) 
thrown [s\src\hotspot\share\prims\jni.cpp, line 520]
Event: 3024.226 Thread 0x000001c4f93cc8e0 Exception <a 'sun/nio/fs/WindowsException'{0x00000000d5888fe8}> (0x00000000d5888fe8) 
thrown [s\src\hotspot\share\prims\jni.cpp, line 520]
Event: 3024.226 Thread 0x000001c4f93cc8e0 Exception <a 'sun/nio/fs/WindowsException'{0x00000000d588a128}> (0x00000000d588a128) 
thrown [s\src\hotspot\share\prims\jni.cpp, line 520]
Event: 3024.226 Thread 0x000001c4f93cc8e0 Exception <a 'sun/nio/fs/WindowsException'{0x00000000d588aae8}> (0x00000000d588aae8) 
thrown [s\src\hotspot\share\prims\jni.cpp, line 520]
Event: 3024.227 Thread 0x000001c4f93cc8e0 Exception <a 'sun/nio/fs/WindowsException'{0x00000000d588c320}> (0x00000000d588c320) 
thrown [s\src\hotspot\share\prims\jni.cpp, line 520]
Event: 3024.227 Thread 0x000001c4f93cc8e0 Exception <a 'sun/nio/fs/WindowsException'{0x00000000d588ca30}> (0x00000000d588ca30) 
thrown [s\src\hotspot\share\prims\jni.cpp, line 520]
Event: 3024.227 Thread 0x000001c4f93cc8e0 Exception <a 'sun/nio/fs/WindowsException'{0x00000000d588d900}> (0x00000000d588d900) 
thrown [s\src\hotspot\share\prims\jni.cpp, line 520]
Event: 3024.227 Thread 0x000001c4f93cc8e0 Exception <a 'sun/nio/fs/WindowsException'{0x00000000d588e010}> (0x00000000d588e010) 
thrown [s\src\hotspot\share\prims\jni.cpp, line 520]

ZGC Phase Switch (0 events):
No events

VM Operations (20 events):
Event: 3066.269 Executing safepoint VM operation: ParallelGCFailedAllocation (Allocation Failure)
Event: 3066.271 Executing safepoint VM operation: ParallelGCFailedAllocation (Allocation Failure) done
Event: 3066.646 Executing non-safepoint VM operation: HandshakeAllThreads (HandshakeForDeflation)
Event: 3066.646 Executing non-safepoint VM operation: HandshakeAllThreads (HandshakeForDeflation) done
Event: 3066.646 Executing non-safepoint VM operation: RendezvousGCThreads
Event: 3066.646 Executing non-safepoint VM operation: RendezvousGCThreads done
Event: 3067.574 Executing safepoint VM operation: ParallelGCFailedAllocation (Allocation Failure)
Event: 3067.578 Executing safepoint VM operation: ParallelGCFailedAllocation (Allocation Failure) done
Event: 3068.570 Executing safepoint VM operation: ParallelGCFailedAllocation (Allocation Failure)
Event: 3068.574 Executing safepoint VM operation: ParallelGCFailedAllocation (Allocation Failure) done
Event: 3071.791 Executing safepoint VM operation: ParallelGCFailedAllocation (Allocation Failure)
Event: 3071.797 Executing safepoint VM operation: ParallelGCFailedAllocation (Allocation Failure) done
Event: 3072.734 Executing safepoint VM operation: ParallelGCFailedAllocation (Allocation Failure)
Event: 3072.738 Executing safepoint VM operation: ParallelGCFailedAllocation (Allocation Failure) done
Event: 3074.049 Executing safepoint VM operation: ParallelGCFailedAllocation (Allocation Failure)
Event: 3074.051 Executing safepoint VM operation: ParallelGCFailedAllocation (Allocation Failure) done
Event: 3075.199 Executing safepoint VM operation: ParallelGCFailedAllocation (Allocation Failure)
Event: 3075.203 Executing safepoint VM operation: ParallelGCFailedAllocation (Allocation Failure) done
Event: 3079.125 Executing safepoint VM operation: ParallelGCFailedAllocation (Allocation Failure)
Event: 3079.131 Executing safepoint VM operation: ParallelGCFailedAllocation (Allocation Failure) done

Memory protections (0 events):
No events

Nmethod flushes (20 events):
Event: 405.800 Thread 0x000001c4b03ee8f0 flushing  nmethod 0x000001c49ddc9310
Event: 405.800 Thread 0x000001c4b03ee8f0 flushing  nmethod 0x000001c49de0ad10
Event: 405.800 Thread 0x000001c4b03ee8f0 flushing  nmethod 0x000001c49de2d390
Event: 405.800 Thread 0x000001c4b03ee8f0 flushing  nmethod 0x000001c49de35410
Event: 405.800 Thread 0x000001c4b03ee8f0 flushing  nmethod 0x000001c49de54390
Event: 405.800 Thread 0x000001c4b03ee8f0 flushing  nmethod 0x000001c49de5b890
Event: 405.800 Thread 0x000001c4b03ee8f0 flushing  nmethod 0x000001c49de5cb10
Event: 405.800 Thread 0x000001c4b03ee8f0 flushing  nmethod 0x000001c49de5db90
Event: 405.800 Thread 0x000001c4b03ee8f0 flushing  nmethod 0x000001c49de67490
Event: 405.800 Thread 0x000001c4b03ee8f0 flushing  nmethod 0x000001c49de70310
Event: 405.800 Thread 0x000001c4b03ee8f0 flushing  nmethod 0x000001c49de75e10
Event: 405.800 Thread 0x000001c4b03ee8f0 flushing  nmethod 0x000001c49de76290
Event: 405.800 Thread 0x000001c4b03ee8f0 flushing  nmethod 0x000001c49de84d10
Event: 405.800 Thread 0x000001c4b03ee8f0 flushing  nmethod 0x000001c49de89090
Event: 405.800 Thread 0x000001c4b03ee8f0 flushing  nmethod 0x000001c49de8ab90
Event: 405.800 Thread 0x000001c4b03ee8f0 flushing osr nmethod 0x000001c49de8eb90
Event: 405.800 Thread 0x000001c4b03ee8f0 flushing  nmethod 0x000001c49dea1f90
Event: 405.800 Thread 0x000001c4b03ee8f0 flushing  nmethod 0x000001c49df1f390
Event: 405.800 Thread 0x000001c4b03ee8f0 flushing  nmethod 0x000001c49df20190
Event: 405.800 Thread 0x000001c4b03ee8f0 flushing  nmethod 0x000001c49df21e10

Events (20 events):
Event: 2964.752 Thread 0x000001c4f93cfd60 Thread added: 0x000001c4f743aec0
Event: 2964.944 Thread 0x000001c4f93d03f0 Thread added: 0x000001c4f743a830
Event: 2964.946 Thread 0x000001c4f743a830 Thread added: 0x000001c4f743b550
Event: 2964.951 Thread 0x000001c4f743b550 Thread added: 0x000001c4f743bbe0
Event: 2965.012 Thread 0x000001c4f743a830 Thread added: 0x000001c4f743e340
Event: 2965.013 Thread 0x000001c4f743bbe0 Thread exited: 0x000001c4f743bbe0
Event: 2965.260 Thread 0x000001c4f743e340 Thread added: 0x000001c4f743dcb0
Event: 2965.261 Thread 0x000001c4f743e340 Thread exited: 0x000001c4f743e340
Event: 2965.544 Thread 0x000001c4f743b550 Thread exited: 0x000001c4f743b550
Event: 2995.545 Thread 0x000001c4f743a830 Thread exited: 0x000001c4f743a830
Event: 3024.247 Thread 0x000001c4f93d03f0 Thread added: 0x000001c4f743b550
Event: 3024.290 Thread 0x000001c4f743b550 Thread added: 0x000001c4f743bbe0
Event: 3024.390 Thread 0x000001c4f743bbe0 Thread added: 0x000001c4f743a830
Event: 3024.399 Thread 0x000001c4f743b550 Thread added: 0x000001c4f743e340
Event: 3024.406 Thread 0x000001c4f743a830 Thread exited: 0x000001c4f743a830
Event: 3025.487 Thread 0x000001c4f743dcb0 Thread exited: 0x000001c4f743dcb0
Event: 3025.536 Thread 0x000001c4f743e340 Thread added: 0x000001c4f743cf90
Event: 3025.537 Thread 0x000001c4f743e340 Thread exited: 0x000001c4f743e340
Event: 3025.692 Thread 0x000001c4f743bbe0 Thread exited: 0x000001c4f743bbe0
Event: 3055.702 Thread 0x000001c4f743b550 Thread exited: 0x000001c4f743b550


Dynamic libraries:
0x00007ff736070000 - 0x00007ff73607e000 	c:\Users\mahes\.vscode\extensions\redhat.java-1.55.0-win32-x64\jre\21.0.11-win32-x86_64\bin\java.exe
0x00007ffc371a0000 - 0x00007ffc37406000 	C:\WINDOWS\SYSTEM32\ntdll.dll
0x00007ffc36a70000 - 0x00007ffc36b39000 	C:\WINDOWS\System32\KERNEL32.DLL
0x00007ffc34930000 - 0x00007ffc34d2f000 	C:\WINDOWS\System32\KERNELBASE.dll
0x00007ffc343b0000 - 0x00007ffc344fc000 	C:\WINDOWS\System32\ucrtbase.dll
0x00007ffc1bb20000 - 0x00007ffc1bb3e000 	c:\Users\mahes\.vscode\extensions\redhat.java-1.55.0-win32-x64\jre\21.0.11-win32-x86_64\bin\VCRUNTIME140.dll
0x00007ffc1c220000 - 0x00007ffc1c238000 	c:\Users\mahes\.vscode\extensions\redhat.java-1.55.0-win32-x64\jre\21.0.11-win32-x86_64\bin\jli.dll
0x00007ffc36b70000 - 0x00007ffc36d36000 	C:\WINDOWS\System32\USER32.dll
0x00007ffc34660000 - 0x00007ffc34687000 	C:\WINDOWS\System32\win32u.dll
0x00007ffc16830000 - 0x00007ffc16ac1000 	C:\WINDOWS\WinSxS\amd64_microsoft.windows.common-controls_6595b64144ccf1df_6.0.26100.8972_none_3e0da176e32f9d4b\COMCTL32.dll
0x00007ffc35660000 - 0x00007ffc3568b000 	C:\WINDOWS\System32\GDI32.dll
0x00007ffc35820000 - 0x00007ffc358c9000 	C:\WINDOWS\System32\msvcrt.dll
0x00007ffc34750000 - 0x00007ffc34879000 	C:\WINDOWS\System32\gdi32full.dll
0x00007ffc34880000 - 0x00007ffc34923000 	C:\WINDOWS\System32\msvcp_win.dll
0x00007ffc36d40000 - 0x00007ffc36d72000 	C:\WINDOWS\System32\IMM32.DLL
0x00007ffc1c5e0000 - 0x00007ffc1c5ec000 	c:\Users\mahes\.vscode\extensions\redhat.java-1.55.0-win32-x64\jre\21.0.11-win32-x86_64\bin\vcruntime140_1.dll
0x00007ffbfdc00000 - 0x00007ffbfdc8d000 	c:\Users\mahes\.vscode\extensions\redhat.java-1.55.0-win32-x64\jre\21.0.11-win32-x86_64\bin\msvcp140.dll
0x00007ffb9c300000 - 0x00007ffb9d0a2000 	c:\Users\mahes\.vscode\extensions\redhat.java-1.55.0-win32-x64\jre\21.0.11-win32-x86_64\bin\server\jvm.dll
0x00007ffc35d70000 - 0x00007ffc35e2c000 	C:\WINDOWS\System32\ADVAPI32.dll
0x00007ffc36f20000 - 0x00007ffc36fca000 	C:\WINDOWS\System32\sechost.dll
0x00007ffc35360000 - 0x00007ffc35478000 	C:\WINDOWS\System32\RPCRT4.dll
0x00007ffc35480000 - 0x00007ffc35502000 	C:\WINDOWS\System32\WS2_32.dll
0x00007ffc34230000 - 0x00007ffc3428e000 	C:\WINDOWS\SYSTEM32\POWRPROF.dll
0x00007ffc2c360000 - 0x00007ffc2c396000 	C:\WINDOWS\SYSTEM32\WINMM.dll
0x00007ffc248a0000 - 0x00007ffc248ab000 	C:\WINDOWS\SYSTEM32\VERSION.dll
0x00007ffc34210000 - 0x00007ffc34225000 	C:\WINDOWS\SYSTEM32\UMPDC.dll
0x00007ffc330a0000 - 0x00007ffc330bb000 	C:\WINDOWS\SYSTEM32\kernel.appcore.dll
0x00007ffc19b70000 - 0x00007ffc19b7a000 	c:\Users\mahes\.vscode\extensions\redhat.java-1.55.0-win32-x64\jre\21.0.11-win32-x86_64\bin\jimage.dll
0x00007ffc31a50000 - 0x00007ffc31c92000 	C:\WINDOWS\SYSTEM32\DBGHELP.DLL
0x00007ffc35ec0000 - 0x00007ffc36245000 	C:\WINDOWS\System32\combase.dll
0x00007ffc35c90000 - 0x00007ffc35d69000 	C:\WINDOWS\System32\OLEAUT32.dll
0x00007ffc198c0000 - 0x00007ffc198fb000 	C:\WINDOWS\SYSTEM32\dbgcore.DLL
0x00007ffc345a0000 - 0x00007ffc3464c000 	C:\WINDOWS\System32\bcryptPrimitives.dll
0x00007ffc13280000 - 0x00007ffc1328f000 	c:\Users\mahes\.vscode\extensions\redhat.java-1.55.0-win32-x64\jre\21.0.11-win32-x86_64\bin\instrument.dll
0x00007ffc10010000 - 0x00007ffc10030000 	c:\Users\mahes\.vscode\extensions\redhat.java-1.55.0-win32-x64\jre\21.0.11-win32-x86_64\bin\java.dll
0x00007ffc36250000 - 0x00007ffc369d8000 	C:\WINDOWS\System32\SHELL32.dll
0x00007ffc31e30000 - 0x00007ffc326cb000 	C:\WINDOWS\SYSTEM32\windows.storage.dll
0x00007ffc35510000 - 0x00007ffc35609000 	C:\WINDOWS\System32\SHCORE.dll
0x00007ffc35c20000 - 0x00007ffc35c86000 	C:\WINDOWS\System32\shlwapi.dll
0x00007ffc342d0000 - 0x00007ffc342f9000 	C:\WINDOWS\SYSTEM32\profapi.dll
0x00007ffc00d30000 - 0x00007ffc00d48000 	c:\Users\mahes\.vscode\extensions\redhat.java-1.55.0-win32-x64\jre\21.0.11-win32-x86_64\bin\zip.dll
0x00007ffc0faa0000 - 0x00007ffc0fab0000 	C:\Users\mahes\.vscode\extensions\redhat.java-1.55.0-win32-x64\jre\21.0.11-win32-x86_64\bin\net.dll
0x00007ffc26320000 - 0x00007ffc26448000 	C:\WINDOWS\SYSTEM32\WINHTTP.dll
0x00007ffc33650000 - 0x00007ffc336bc000 	C:\WINDOWS\system32\mswsock.dll
0x00007ffc00d10000 - 0x00007ffc00d26000 	C:\Users\mahes\.vscode\extensions\redhat.java-1.55.0-win32-x64\jre\21.0.11-win32-x86_64\bin\nio.dll
0x00007ffc00d00000 - 0x00007ffc00d10000 	c:\Users\mahes\.vscode\extensions\redhat.java-1.55.0-win32-x64\jre\21.0.11-win32-x86_64\bin\verify.dll
0x00007ffbe4a40000 - 0x00007ffbe4a85000 	C:\Users\mahes\AppData\Roaming\Code\User\globalStorage\redhat.java\1.55.0\config_win\org.eclipse.equinox.launcher\org.eclipse.equinox.launcher.win32.win32.x86_64_1.3.100.v20260613-0559\eclipse_11924.dll
0x00007ffc36d80000 - 0x00007ffc36f19000 	C:\WINDOWS\System32\ole32.dll
0x00007ffc33940000 - 0x00007ffc3395b000 	C:\WINDOWS\SYSTEM32\CRYPTSP.dll
0x00007ffc33000000 - 0x00007ffc33039000 	C:\WINDOWS\system32\rsaenh.dll
0x00007ffc33700000 - 0x00007ffc33732000 	C:\WINDOWS\SYSTEM32\USERENV.dll
0x00007ffc342a0000 - 0x00007ffc342ca000 	C:\WINDOWS\SYSTEM32\bcrypt.dll
0x00007ffc33960000 - 0x00007ffc3396c000 	C:\WINDOWS\SYSTEM32\CRYPTBASE.dll
0x00007ffc32a30000 - 0x00007ffc32a63000 	C:\WINDOWS\SYSTEM32\IPHLPAPI.DLL
0x00007ffc37040000 - 0x00007ffc3704a000 	C:\WINDOWS\System32\NSI.dll
0x00007ffbda9a0000 - 0x00007ffbda9e9000 	C:\Users\mahes\AppData\Local\Temp\jna-103656706\jna4785353197570429882.dll
0x00007ffc36b40000 - 0x00007ffc36b48000 	C:\WINDOWS\System32\PSAPI.DLL
0x00007ffc26270000 - 0x00007ffc2628d000 	C:\WINDOWS\SYSTEM32\dhcpcsvc6.DLL
0x00007ffc26240000 - 0x00007ffc26265000 	C:\WINDOWS\SYSTEM32\dhcpcsvc.DLL
0x00007ffc251a0000 - 0x00007ffc251a9000 	C:\Users\mahes\.vscode\extensions\redhat.java-1.55.0-win32-x64\jre\21.0.11-win32-x86_64\bin\extnet.dll

JVMTI agents:
c:\Users\mahes\.vscode\extensions\redhat.java-1.55.0-win32-x64\lombok\lombok-1.18.39-4050.jar path:c:\Users\mahes\.vscode\extensions\redhat.java-1.55.0-win32-x64\jre\21.0.11-win32-x86_64\bin\instrument.dll, loaded, initialized, instrumentlib options:none

dbghelp: loaded successfully - version: 4.0.5 - missing functions: none
symbol engine: initialized successfully - sym options: 0x614 - pdb path: .;c:\Users\mahes\.vscode\extensions\redhat.java-1.55.0-win32-x64\jre\21.0.11-win32-x86_64\bin;C:\WINDOWS\SYSTEM32;C:\WINDOWS\WinSxS\amd64_microsoft.windows.common-controls_6595b64144ccf1df_6.0.26100.8972_none_3e0da176e32f9d4b;c:\Users\mahes\.vscode\extensions\redhat.java-1.55.0-win32-x64\jre\21.0.11-win32-x86_64\bin\server;C:\Users\mahes\AppData\Roaming\Code\User\globalStorage\redhat.java\1.55.0\config_win\org.eclipse.equinox.launcher\org.eclipse.equinox.launcher.win32.win32.x86_64_1.3.100.v20260613-0559;C:\Users\mahes\AppData\Local\Temp\jna-103656706

VM Arguments:
jvm_args: --add-modules=ALL-SYSTEM --add-opens=java.base/java.util=ALL-UNNAMED --add-opens=java.base/java.lang=ALL-UNNAMED --add-opens=java.base/sun.nio.fs=ALL-UNNAMED -Declipse.application=org.eclipse.jdt.ls.core.id1 -Dosgi.bundles.defaultStartLevel=4 -Declipse.product=org.eclipse.jdt.ls.core.product -Djava.import.generatesMetadataFilesAtProjectRoot=false -DDetectVMInstallationsJob.disabled=true -Dfile.encoding=utf8 -XX:+UseParallelGC -XX:GCTimeRatio=4 -XX:AdaptiveSizePolicyWeight=90 -Dsun.zip.disableMemoryMapping=true -Xmx2G -Xms100m -Xlog:disable -javaagent:c:\Users\mahes\.vscode\extensions\redhat.java-1.55.0-win32-x64\lombok\lombok-1.18.39-4050.jar -XX:+HeapDumpOnOutOfMemoryError -XX:HeapDumpPath=c:\Users\mahes\AppData\Roaming\Code\User\workspaceStorage\256bdafa8ced7067aa21407b5ab181db\redhat.java -Daether.dependencyCollector.impl=bf 
java_command: c:\Users\mahes\.vscode\extensions\redhat.java-1.55.0-win32-x64\server\plugins\org.eclipse.equinox.launcher_1.7.200.v20260619-2039.jar -configuration c:\Users\mahes\AppData\Roaming\Code\User\globalStorage\redhat.java\1.55.0\config_win -data c:\Users\mahes\AppData\Roaming\Code\User\workspaceStorage\256bdafa8ced7067aa21407b5ab181db\redhat.java\jdt_ws --pipe=\\.\pipe\lsp-138dba3acf952354d8dea3d83be890d2-sock
java_class_path (initial): c:\Users\mahes\.vscode\extensions\redhat.java-1.55.0-win32-x64\server\plugins\org.eclipse.equinox.launcher_1.7.200.v20260619-2039.jar
Launcher Type: SUN_STANDARD

[Global flags]
    uintx AdaptiveSizePolicyWeight                 = 90                                        {product} {command line}
     intx CICompilerCount                          = 3                                         {product} {ergonomic}
    uintx GCTimeRatio                              = 4                                         {product} {command line}
     bool HeapDumpOnOutOfMemoryError               = true                                   {manageable} {command line}
    ccstr HeapDumpPath                             = c:\Users\mahes\AppData\Roaming\Code\User\workspaceStorage\256bdafa8ced7067aa21407b5ab181db\redhat.java         {manageable} {command line}
   size_t InitialHeapSize                          = 104857600                                 {product} {command line}
   size_t MaxHeapSize                              = 2147483648                                {product} {command line}
   size_t MaxNewSize                               = 715653120                                 {product} {ergonomic}
   size_t MinHeapDeltaBytes                        = 524288                                    {product} {ergonomic}
   size_t MinHeapSize                              = 104857600                                 {product} {command line}
   size_t NewSize                                  = 34603008                                  {product} {ergonomic}
    uintx NonNMethodCodeHeapSize                   = 5832780                                {pd product} {ergonomic}
    uintx NonProfiledCodeHeapSize                  = 122912730                              {pd product} {ergonomic}
   size_t OldSize                                  = 70254592                                  {product} {ergonomic}
    uintx ProfiledCodeHeapSize                     = 122912730                              {pd product} {ergonomic}
    uintx ReservedCodeCacheSize                    = 251658240                              {pd product} {ergonomic}
     bool SegmentedCodeCache                       = true                                      {product} {ergonomic}
   size_t SoftMaxHeapSize                          = 2147483648                             {manageable} {ergonomic}
     bool UseCompressedOops                        = true                           {product lp64_product} {ergonomic}
     bool UseLargePagesIndividualAllocation        = false                                  {pd product} {ergonomic}
     bool UseParallelGC                            = true                                      {product} {command line}

Logging:
Log output configuration:
 #0: stdout all=off uptime,level,tags foldmultilines=false
 #1: stderr all=off uptime,level,tags foldmultilines=false

Release file:
JAVA_VERSION="21.0.11" 
MODULES="java.base java.compiler java.datatransfer java.xml java.prefs java.desktop java.instrument java.logging java.management java.security.sasl java.naming java.rmi java.management.rmi java.net.http java.scripting java.security.jgss java.transaction.xa java.sql java.sql.rowset java.xml.crypto java.se java.smartcardio jdk.accessibility jdk.internal.jvmstat jdk.attach jdk.charsets jdk.internal.opt jdk.zipfs jdk.compiler jdk.crypto.ec jdk.crypto.cryptoki jdk.crypto.mscapi jdk.dynalink jdk.internal.ed jdk.editpad jdk.hotspot.agent jdk.httpserver jdk.internal.le jdk.internal.vm.ci jdk.internal.vm.compiler jdk.internal.vm.compiler.management jdk.jartool jdk.javadoc jdk.jcmd jdk.management jdk.management.agent jdk.jconsole jdk.jdeps jdk.jdwp.agent jdk.jdi jdk.jfr jdk.jshell jdk.jsobject jdk.jstatd jdk.localedata jdk.management.jfr jdk.naming.dns jdk.naming.rmi jdk.net jdk.nio.mapmode jdk.random jdk.sctp jdk.security.auth jdk.security.jgss jdk.unsupported jdk.unsupported.desktop jdk.xml.dom" 

Environment Variables:
PATH=C:\Program Files\Eclipse Adoptium\jdk-25.0.4.7-hotspot\bin;C:\Program Files\Common Files\Oracle\Java\javapath;C:\Program Files (x86)\Common Files\Intel\Shared Libraries\redist\intel64\compiler;C:\Program Files (x86)\Common Files\Oracle\Java\javapath;C:\WINDOWS\system32;C:\WINDOWS;C:\WINDOWS\System32\Wbem;C:\WINDOWS\System32\WindowsPowerShell\v1.0\;C:\WINDOWS\System32\OpenSSH\;C:\Program Files\dotnet\;C:\Program Files\Java\jdk-25\bin;C:\Program Files\Java\jdk-25\bin;C:\WINDOWS\system32\config\systemprofile\AppData\Local\Muse Hub\lib;E:\Git\cmd;E:\Git\mingw64\bin;E:\Git\usr\bin;C:\Users\mahes\AppData\Local\Programs\Eclipse Adoptium\jdk-25.0.1.8-hotspot\bin;C:\Users\mahes\AppData\Local\Programs\Python\Python314\Scripts\;C:\Users\mahes\AppData\Local\Programs\Python\Python314\;C:\Users\mahes\AppData\Local\Microsoft\WindowsApps;C:\Users\mahes\AppData\Local\Python\bin;C:\Users\mahes\AppData\Local\Muse Hub\lib;C:\Users\mahes\AppData\Local\Kingsoft\WPS Office\12.1.0.27458\clitool;E:\Antigravity IDE\bin;E:\Microsoft VS Code\bin
USERNAME=mahes
OS=Windows_NT
PROCESSOR_IDENTIFIER=Intel64 Family 6 Model 140 Stepping 1, GenuineIntel
TMP=C:\Users\mahes\AppData\Local\Temp
TEMP=C:\Users\mahes\AppData\Local\Temp




Periodic native trim disabled

---------------  S Y S T E M  ---------------

OS:
 Windows 11 , 64 bit Build 26100 (10.0.26100.9168)
OS uptime: 7 days 19:08 hours
Hyper-V role detected

CPU: total 4 (initial active 4) (2 cores per cpu, 2 threads per core) family 6 model 140 stepping 1 microcode 0xbe, cx8, cmov, fxsr, ht, mmx, 3dnowpref, sse, sse2, sse3, ssse3, sse4.1, sse4.2, popcnt, lzcnt, tsc, tscinvbit, avx, avx2, aes, erms, clmul, bmi1, bmi2, adx, avx512f, avx512dq, avx512cd, avx512bw, avx512vl, sha, fma, vzeroupper, avx512_vpopcntdq, avx512_vpclmulqdq, avx512_vaes, avx512_vnni, clflush, clflushopt, clwb, avx512_vbmi2, avx512_vbmi, hv, rdtscp, rdpid, fsrm, gfni, avx512_bitalg, f16c, cet_ibt, cet_ss, avx512_ifma
Processor Information for the first 4 processors :
  Max Mhz: 2995, Current Mhz: 2995, Mhz Limit: 2995

Memory: 4k page, system-wide physical 7926M (766M free)
TotalPageFile size 26574M (AvailPageFile size 2M)
current process WorkingSet (physical memory assigned to process): 188M, peak: 593M
current process commit charge ("private bytes"): 1157M, peak: 1161M

vm_info: OpenJDK 64-Bit Server VM (21.0.11+10-LTS) for windows-amd64 JRE (21.0.11+10-LTS), built on 2026-04-21T00:00:00Z by "admin" with MS VC++ 17.12 (VS2022)

END.
